// Jest Snapshot v1, https://goo.gl/fbAQLP

exports[`button render 1`] = `"<div><button class=\\"nova-button\\" type=\\"button\\" data-nova-theme=\\"light\\"><!----><span>Button</span></button><button class=\\"nova-button nova-button-primary\\" type=\\"button\\" data-nova-theme=\\"light\\"><!----><span>Primary</span></button><button class=\\"nova-button\\" type=\\"button\\" data-nova-theme=\\"light\\" disabled=\\"\\"><!----><span>Disabled</span></button></div>"`;
